// Jest Snapshot v1, https://goo.gl/fbAQLP

exports[`Message component should render the Message correctly with the right classes and styles 1`] = `
<section
  className="jsx-2578047880 message watson"
>
  <p
    className="jsx-2578047880"
  >
    Hello SpruceBot!
  </p>
</section>
`;
